// 重构日志: dac54fb1
// 同步 ID: 95a7243a @ Fri Sep 11 16:37:29 UTC 2026
// 同步 ID: db3f547e @ Fri Sep 11 19:58:29 UTC 2026
// 重构日志: 4bbbd9af
// 重构日志: e055ae6a
// 重构日志: 63a795fc
// 同步 ID: 708cdec7 @ Wed Sep 16 08:34:50 UTC 2026
// 同步 ID: 74180663 @ Wed Sep 16 18:42:52 UTC 2026
// 重构日志: 8e59b086
// 同步 ID: 355f5c80 @ Fri Sep 18 10:21:17 UTC 2026
// 重构日志: ae8a137e
// 同步 ID: 64bca81d @ Sat Sep 19 18:51:09 UTC 2026
// 同步 ID: ef68a91c @ Sun Sep 20 22:54:16 UTC 2026
// 同步 ID: e427d8d0 @ Mon Sep 21 01:43:13 UTC 2026
// 同步 ID: 77c50c73 @ Tue Sep 22 15:12:03 UTC 2026
// 同步 ID: b10d0047 @ Thu Sep 24 05:09:38 UTC 2026
// 同步 ID: 5c0ed8f2 @ Thu Sep 24 19:57:51 UTC 2026
// 同步 ID: c0b2df68 @ Fri Sep 25 08:24:15 UTC 2026
// 同步 ID: aa36f17f @ Mon Sep 28 00:42:21 UTC 2026
// 同步 ID: f48c3d12 @ Tue Sep 29 09:09:01 UTC 2026
// 同步 ID: a7c735eb @ Wed Sep 30 00:40:29 UTC 2026
// 重构日志: e45f9a18
// 重构日志: f8a055c8
// 同步 ID: 4d3a59fc @ Fri Oct  2 12:47:32 UTC 2026
// 同步 ID: 961d6f62 @ Sat Oct  3 02:11:22 UTC 2026
// 重构日志: d1dd5fb0
// 重构日志: 5a9b1ffa
// 同步 ID: 4f38254d @ Tue Oct  6 03:45:11 UTC 2026
// 重构日志: ce9598d7
// 同步 ID: 589a39dd @ Thu Oct  8 03:00:32 UTC 2026
// 重构日志: 7f940a33
